
> cryllixdashboard@0.1.0 build
> next build

node.exe : 
[baseline-browser-mapping] 
The data in this module is 
over two months old.  To 
ensure accurate Baseline 
data, please update: `npm 
i baseline-browser-mapping@
latest -D`
At line:1 char:1
+ & "C:\Program 
Files\nodejs/node.exe" 
"C:\Program 
Files\nodejs/node_mo ...
+ ~~~~~~~~~~~~~~~~~~~~~~~~~
~~~~~~~~~~~~~~~~~~~~~~~~~~~
~~~~~~~~~~~~~~~~~
    + CategoryInfo         
     : NotSpecified: ([ba  
  seline-brows...ping@la   
 test -D`:String) [], R    
emoteException
    + FullyQualifiedErrorI 
   d : NativeCommandError
 
 ΓÜá Warning: Next.js 
inferred your workspace 
root, but it may not be 
correct.
 We detected multiple 
lockfiles and selected the 
directory of C:\Users\chase
\package-lock.json as the 
root directory.
 To silence this warning, 
set `turbopack.root` in 
your Next.js config, or 
consider removing one of 
the lockfiles if it's not 
needed.
   See https://nextjs.org/d
ocs/app/api-reference/confi
g/next-config-js/turbopack#
root-directory for more 
information.
 Detected additional 
lockfiles: 
   * C:\Users\chase\Downloa
ds\cryllixv2-main(9)\crylli
xv2-main\package-lock.json

   Γû▓ Next.js 16.0.7 (Turbopack)

 ΓÜá The "middleware" file 
convention is deprecated. 
Please use "proxy" 
instead. Learn more: https:
//nextjs.org/docs/messages/
middleware-to-proxy
   Creating an optimized production build ...
[baseline-browser-mapping] 
The data in this module is 
over two months old.  To 
ensure accurate Baseline 
data, please update: `npm 
i baseline-browser-mapping@
latest -D`
[baseline-browser-mapping] 
The data in this module is 
over two months old.  To 
ensure accurate Baseline 
data, please update: `npm 
i baseline-browser-mapping@
latest -D`
 Γ£ô Compiled successfully in 4.0s
   Running TypeScript ...
   Collecting page data using 15 workers ...
[baseline-browser-mapping] 
The data in this module is 
over two months old.  To 
ensure accurate Baseline 
data, please update: `npm 
i baseline-browser-mapping@
latest -D`
[baseline-browser-mapping] 
The data in this module is 
over two months old.  To 
ensure accurate Baseline 
data, please update: `npm 
i baseline-browser-mapping@
latest -D`
[baseline-browser-mapping] 
The data in this module is 
over two months old.  To 
ensure accurate Baseline 
data, please update: `npm 
i baseline-browser-mapping@
latest -D`
[baseline-browser-mapping] 
The data in this module is 
over two months old.  To 
ensure accurate Baseline 
data, please update: `npm 
i baseline-browser-mapping@
latest -D`
[baseline-browser-mapping] 
The data in this module is 
over two months old.  To 
ensure accurate Baseline 
data, please update: `npm 
i baseline-browser-mapping@
latest -D`
[baseline-browser-mapping] 
The data in this module is 
over two months old.  To 
ensure accurate Baseline 
data, please update: `npm 
i baseline-browser-mapping@
latest -D`
[baseline-browser-mapping] 
The data in this module is 
over two months old.  To 
ensure accurate Baseline 
data, please update: `npm 
i baseline-browser-mapping@
latest -D`
[baseline-browser-mapping] 
The data in this module is 
over two months old.  To 
ensure accurate Baseline 
data, please update: `npm 
i baseline-browser-mapping@
latest -D`
[baseline-browser-mapping] 
The data in this module is 
over two months old.  To 
ensure accurate Baseline 
data, please update: `npm 
i baseline-browser-mapping@
latest -D`
[baseline-browser-mapping] 
The data in this module is 
over two months old.  To 
ensure accurate Baseline 
data, please update: `npm 
i baseline-browser-mapping@
latest -D`
[baseline-browser-mapping] 
The data in this module is 
over two months old.  To 
ensure accurate Baseline 
data, please update: `npm 
i baseline-browser-mapping@
latest -D`
[baseline-browser-mapping] 
The data in this module is 
over two months old.  To 
ensure accurate Baseline 
data, please update: `npm 
i baseline-browser-mapping@
latest -D`
[baseline-browser-mapping] 
The data in this module is 
over two months old.  To 
ensure accurate Baseline 
data, please update: `npm 
i baseline-browser-mapping@
latest -D`
[baseline-browser-mapping] 
The data in this module is 
over two months old.  To 
ensure accurate Baseline 
data, please update: `npm 
i baseline-browser-mapping@
latest -D`
[baseline-browser-mapping] 
The data in this module is 
over two months old.  To 
ensure accurate Baseline 
data, please update: `npm 
i baseline-browser-mapping@
latest -D`
[Redis] REDIS_URL not set, 
using default connection
[Redis] REDIS_URL not set, 
using default connection
[Redis] REDIS_URL not set, 
using default connection
[Redis] REDIS_URL not set, 
using default connection
[Redis] REDIS_URL not set, 
using default connection
[Redis] REDIS_URL not set, 
using default connection
[ioredis] Unhandled error 
event: AggregateError: 
    at 
internalConnectMultiple 
(node:net:1134:18)
    at 
afterConnectMultiple 
(node:net:1715:7)
[Redis] REDIS_URL not set, 
using default connection
[ioredis] Unhandled error 
event: AggregateError: 
    at 
internalConnectMultiple 
(node:net:1134:18)
    at 
afterConnectMultiple 
(node:net:1715:7)
[ioredis] Unhandled error 
event: AggregateError: 
    at 
internalConnectMultiple 
(node:net:1134:18)
    at 
afterConnectMultiple 
(node:net:1715:7)
[Redis] REDIS_URL not set, 
using default connection
[ioredis] Unhandled error 
event: AggregateError: 
    at 
internalConnectMultiple 
(node:net:1134:18)
    at 
afterConnectMultiple 
(node:net:1715:7)
[ioredis] Unhandled error 
event: AggregateError: 
    at 
internalConnectMultiple 
(node:net:1134:18)
    at 
afterConnectMultiple 
(node:net:1715:7)
[ioredis] Unhandled error 
event: AggregateError: 
    at 
internalConnectMultiple 
(node:net:1134:18)
    at 
afterConnectMultiple 
(node:net:1715:7)
[ioredis] Unhandled error 
event: AggregateError: 
    at 
internalConnectMultiple 
(node:net:1134:18)
    at 
afterConnectMultiple 
(node:net:1715:7)
[ioredis] Unhandled error 
event: AggregateError: 
    at 
internalConnectMultiple 
(node:net:1134:18)
    at 
afterConnectMultiple 
(node:net:1715:7)
[Redis] REDIS_URL not set, 
using default connection
 ΓÜá You are using an 
experimental edge runtime, 
the API might change.
[ioredis] Unhandled error 
event: AggregateError: 
    at 
internalConnectMultiple 
(node:net:1134:18)
    at 
afterConnectMultiple 
(node:net:1715:7)
[ioredis] Unhandled error 
event: AggregateError: 
    at 
internalConnectMultiple 
(node:net:1134:18)
    at 
afterConnectMultiple 
(node:net:1715:7)
   Generating static pages using 15 workers (0/36) ...
[ioredis] Unhandled error 
event: AggregateError: 
    at 
internalConnectMultiple 
(node:net:1134:18)
    at 
afterConnectMultiple 
(node:net:1715:7)
[ioredis] Unhandled error 
event: AggregateError: 
    at 
internalConnectMultiple 
(node:net:1134:18)
    at 
afterConnectMultiple 
(node:net:1715:7)
[ioredis] Unhandled error 
event: AggregateError: 
    at 
internalConnectMultiple 
(node:net:1134:18)
    at 
afterConnectMultiple 
(node:net:1715:7)
[ioredis] Unhandled error 
event: AggregateError: 
    at 
internalConnectMultiple 
(node:net:1134:18)
    at 
afterConnectMultiple 
(node:net:1715:7)
[ioredis] Unhandled error 
event: AggregateError: 
    at 
internalConnectMultiple 
(node:net:1134:18)
    at 
afterConnectMultiple 
(node:net:1715:7)
[ioredis] Unhandled error 
event: AggregateError: 
    at 
internalConnectMultiple 
(node:net:1134:18)
    at 
afterConnectMultiple 
(node:net:1715:7)
[ioredis] Unhandled error 
event: AggregateError: 
    at 
internalConnectMultiple 
(node:net:1134:18)
    at 
afterConnectMultiple 
(node:net:1715:7)
[ioredis] Unhandled error 
event: AggregateError: 
    at 
internalConnectMultiple 
(node:net:1134:18)
    at 
afterConnectMultiple 
(node:net:1715:7)
[ioredis] Unhandled error 
event: AggregateError: 
    at 
internalConnectMultiple 
(node:net:1134:18)
    at 
afterConnectMultiple 
(node:net:1715:7)
[ioredis] Unhandled error 
event: AggregateError: 
    at 
internalConnectMultiple 
(node:net:1134:18)
    at 
afterConnectMultiple 
(node:net:1715:7)
[ioredis] Unhandled error 
event: AggregateError: 
    at 
internalConnectMultiple 
(node:net:1134:18)
    at 
afterConnectMultiple 
(node:net:1715:7)
[ioredis] Unhandled error 
event: AggregateError: 
    at 
internalConnectMultiple 
(node:net:1134:18)
    at 
afterConnectMultiple 
(node:net:1715:7)
[ioredis] Unhandled error 
event: AggregateError: 
    at 
internalConnectMultiple 
(node:net:1134:18)
    at 
afterConnectMultiple 
(node:net:1715:7)
[ioredis] Unhandled error 
event: AggregateError: 
    at 
internalConnectMultiple 
(node:net:1134:18)
    at 
afterConnectMultiple 
(node:net:1715:7)
[ioredis] Unhandled error 
event: AggregateError: 
    at 
internalConnectMultiple 
(node:net:1134:18)
    at 
afterConnectMultiple 
(node:net:1715:7)
[ioredis] Unhandled error 
event: AggregateError: 
    at 
internalConnectMultiple 
(node:net:1134:18)
    at 
afterConnectMultiple 
(node:net:1715:7)
[ioredis] Unhandled error 
event: AggregateError: 
    at 
internalConnectMultiple 
(node:net:1134:18)
    at 
afterConnectMultiple 
(node:net:1715:7)
[baseline-browser-mapping] 
The data in this module is 
over two months old.  To 
ensure accurate Baseline 
data, please update: `npm 
i baseline-browser-mapping@
latest -D`
[baseline-browser-mapping] 
The data in this module is 
over two months old.  To 
ensure accurate Baseline 
data, please update: `npm 
i baseline-browser-mapping@
latest -D`
[ioredis] Unhandled error 
event: AggregateError: 
    at 
internalConnectMultiple 
(node:net:1134:18)
    at 
afterConnectMultiple 
(node:net:1715:7)
[ioredis] Unhandled error 
event: AggregateError: 
    at 
internalConnectMultiple 
(node:net:1134:18)
    at 
afterConnectMultiple 
(node:net:1715:7)
[ioredis] Unhandled error 
event: AggregateError: 
    at 
internalConnectMultiple 
(node:net:1134:18)
    at 
afterConnectMultiple 
(node:net:1715:7)
[ioredis] Unhandled error 
event: AggregateError: 
    at 
internalConnectMultiple 
(node:net:1134:18)
    at 
afterConnectMultiple 
(node:net:1715:7)
[ioredis] Unhandled error 
event: AggregateError: 
    at 
internalConnectMultiple 
(node:net:1134:18)
    at 
afterConnectMultiple 
(node:net:1715:7)
[ioredis] Unhandled error 
event: AggregateError: 
    at 
internalConnectMultiple 
(node:net:1134:18)
    at 
afterConnectMultiple 
(node:net:1715:7)
[ioredis] Unhandled error 
event: AggregateError: 
    at 
internalConnectMultiple 
(node:net:1134:18)
    at 
afterConnectMultiple 
(node:net:1715:7)
[ioredis] Unhandled error 
event: AggregateError: 
    at 
internalConnectMultiple 
(node:net:1134:18)
    at 
afterConnectMultiple 
(node:net:1715:7)
[ioredis] Unhandled error 
event: AggregateError: 
    at 
internalConnectMultiple 
(node:net:1134:18)
    at 
afterConnectMultiple 
(node:net:1715:7)
[ioredis] Unhandled error 
event: AggregateError: 
    at 
internalConnectMultiple 
(node:net:1134:18)
    at 
afterConnectMultiple 
(node:net:1715:7)
[Redis] REDIS_URL not set, 
using default connection
[ioredis] Unhandled error 
event: AggregateError: 
    at 
internalConnectMultiple 
(node:net:1134:18)
    at 
afterConnectMultiple 
(node:net:1715:7)
[ioredis] Unhandled error 
event: AggregateError: 
    at 
internalConnectMultiple 
(node:net:1134:18)
    at 
afterConnectMultiple 
(node:net:1715:7)
[ioredis] Unhandled error 
event: AggregateError: 
    at 
internalConnectMultiple 
(node:net:1134:18)
    at 
afterConnectMultiple 
(node:net:1715:7)
[ioredis] Unhandled error 
event: AggregateError: 
    at 
internalConnectMultiple 
(node:net:1134:18)
    at 
afterConnectMultiple 
(node:net:1715:7)
[ioredis] Unhandled error 
event: AggregateError: 
    at 
internalConnectMultiple 
(node:net:1134:18)
    at 
afterConnectMultiple 
(node:net:1715:7)
[ioredis] Unhandled error 
event: AggregateError: 
    at 
internalConnectMultiple 
(node:net:1134:18)
    at 
afterConnectMultiple 
(node:net:1715:7)
[ioredis] Unhandled error 
event: AggregateError: 
    at 
internalConnectMultiple 
(node:net:1134:18)
    at 
afterConnectMultiple 
(node:net:1715:7)
[ioredis] Unhandled error 
event: AggregateError: 
    at 
internalConnectMultiple 
(node:net:1134:18)
    at 
afterConnectMultiple 
(node:net:1715:7)
[Redis] REDIS_URL not set, 
using default connection
   Generating static pages using 15 workers (9/36) 
[ioredis] Unhandled error 
event: AggregateError: 
    at 
internalConnectMultiple 
(node:net:1134:18)
    at 
afterConnectMultiple 
(node:net:1715:7)
   Generating static pages using 15 workers (18/36) 
Error occurred 
prerendering page 
"/dashboard/community". 
Read more: https://nextjs.o
rg/docs/messages/prerender-
error
Error [PrismaClientInitiali
zationError]: 
Invalid 
`prisma.badge.findFirst()` 
invocation:


error: Environment 
variable not found: 
DATABASE_URL.
  -->  schema.prisma:7
   | 
 6 |   provider = 
"postgresql"
 7 |   url      = 
env("DATABASE_URL")
   | 

Validation Error Count: 1
    at <unknown> (-->  
schema.prisma:7)
    at async g (C:\Users\ch
ase\Downloads\cryllixv2-mai
n(9)\cryllixv2-main\.next\s
erver\chunks\ssr\[root-of-t
he-server]__722aea9a._.js:1
:3140) {
  clientVersion: '5.22.0',
  errorCode: undefined,
  digest: '2797037169'
}
Export encountered an 
error on 
/dashboard/community/page: 
/dashboard/community, 
exiting the build.
 Γ¿» Next.js build worker 
exited with code: 1 and 
signal: null
